// Jest Snapshot v1, https://goo.gl/fbAQLP

exports[`samples/fablo-config-hlf2-1org-1chaincode-raft-explorer.json should create proper files from samples/fablo-config-hlf2-1org-1chaincode-raft-explorer.json 1`] = `[]`;